// Vitest Snapshot v1

exports[`Review Item > renders the Review text 1`] = `
VueWrapper {
  "__app": {
    "_component": {
      "name": "VTU_ROOT",
      "render": [Function],
      "setup": [Function],
    },
    "_container": <div
      data-v-app=""
    >
      <li
        data-v-528784cb=""
      >
        <span
          aria-label="rating"
          data-v-528784cb=""
        >
          <strong
            data-v-528784cb=""
          >
            Rating:
          </strong>
           4
        </span>
        <p
          class="comment"
          data-v-528784cb=""
        >
          I've had decent lunches at Billy The Butcher a couple of times now. It's what I would describe as a trendy burger joint on the 4th floor of the Alsterhaus...
        </p>
      </li>
    </div>,
    "_context": {
      "app": [Circular],
      "components": {
        "transition": {
          "name": "transition",
        },
        "transition-group": {
          "name": "transition-group",
        },
      },
      "config": {
        "compilerOptions": {},
        "errorHandler": undefined,
        "globalProperties": {},
        "isNativeTag": [Function],
        "optionMergeStrategies": {},
        "performance": false,
        "warnHandler": undefined,
      },
      "directives": {},
      "emitsCache": WeakMap {},
      "mixins": [
        {
          "beforeCreate": [Function],
        },
      ],
      "optionsCache": WeakMap {},
      "propsCache": WeakMap {},
      "provides": {},
      "reload": [Function],
    },
    "_instance": {
      "a": null,
      "accessCache": {},
      "appContext": {
        "app": [Circular],
        "components": {
          "transition": {
            "name": "transition",
          },
          "transition-group": {
            "name": "transition-group",
          },
        },
        "config": {
          "compilerOptions": {},
          "errorHandler": undefined,
          "globalProperties": {},
          "isNativeTag": [Function],
          "optionMergeStrategies": {},
          "performance": false,
          "warnHandler": undefined,
        },
        "directives": {},
        "emitsCache": WeakMap {},
        "mixins": [
          {
            "beforeCreate": [Function],
          },
        ],
        "optionsCache": WeakMap {},
        "propsCache": WeakMap {},
        "provides": {},
        "reload": [Function],
      },
      "asyncDep": null,
      "asyncResolved": false,
      "attrs": {},
      "bc": null,
      "bm": null,
      "bu": null,
      "bum": null,
      "c": null,
      "components": null,
      "ctx": {
        "VTU_COMPONENT": {
          "item": {
            "rating": 4,
            "text": "I've had decent lunches at Billy The Butcher a couple of times now. It's what I would describe as a trendy burger joint on the 4th floor of the Alsterhaus...",
          },
        },
      },
      "da": null,
      "data": {},
      "devtoolsRawSetupState": {
        "VTU_COMPONENT": RefImpl {
          "__v_isRef": true,
          "__v_isShallow": false,
          "_rawValue": {
            "item": {
              "rating": 4,
              "text": "I've had decent lunches at Billy The Butcher a couple of times now. It's what I would describe as a trendy burger joint on the 4th floor of the Alsterhaus...",
            },
          },
          "_value": {
            "item": {
              "rating": 4,
              "text": "I've had decent lunches at Billy The Butcher a couple of times now. It's what I would describe as a trendy burger joint on the 4th floor of the Alsterhaus...",
            },
          },
          "dep": undefined,
        },
      },
      "directives": null,
      "ec": null,
      "effect": ReactiveEffect {
        "active": true,
        "allowRecurse": true,
        "deps": [
          Set {
            [Circular],
          },
          Set {
            [Circular],
          },
          Set {
            [Circular],
          },
          Set {
            [Circular],
          },
        ],
        "fn": [Function],
        "onTrack": undefined,
        "onTrigger": undefined,
        "parent": undefined,
        "scheduler": [Function],
      },
      "emit": [Function],
      "emitsOptions": null,
      "emitted": null,
      "exposeProxy": null,
      "exposed": null,
      "inheritAttrs": undefined,
      "isDeactivated": false,
      "isMounted": true,
      "isUnmounted": false,
      "m": null,
      "next": null,
      "parent": null,
      "props": {},
      "propsDefaults": {},
      "propsOptions": [
        {},
        [],
      ],
      "provides": {},
      "proxy": {
        "VTU_COMPONENT": {
          "item": {
            "rating": 4,
            "text": "I've had decent lunches at Billy The Butcher a couple of times now. It's what I would describe as a trendy burger joint on the 4th floor of the Alsterhaus...",
          },
        },
      },
      "refs": {
        "VTU_COMPONENT": {
          "item": {
            "rating": 4,
            "text": "I've had decent lunches at Billy The Butcher a couple of times now. It's what I would describe as a trendy burger joint on the 4th floor of the Alsterhaus...",
          },
        },
      },
      "render": [Function],
      "renderCache": [],
      "root": [Circular],
      "rtc": null,
      "rtg": null,
      "scope": EffectScope {
        "_active": true,
        "cleanups": [],
        "detached": true,
        "effects": [
          ReactiveEffect {
            "active": true,
            "allowRecurse": true,
            "deps": [
              Set {
                [Circular],
              },
              Set {
                [Circular],
              },
              Set {
                [Circular],
              },
              Set {
                [Circular],
              },
            ],
            "fn": [Function],
            "onTrack": undefined,
            "onTrigger": undefined,
            "parent": undefined,
            "scheduler": [Function],
          },
        ],
        "parent": undefined,
      },
      "setupContext": null,
      "setupState": {
        "VTU_COMPONENT": {
          "item": {
            "rating": 4,
            "text": "I've had decent lunches at Billy The Butcher a couple of times now. It's what I would describe as a trendy burger joint on the 4th floor of the Alsterhaus...",
          },
        },
      },
      "slots": {},
      "sp": null,
      "subTree": {
        "__v_isVNode": true,
        "__v_skip": true,
        "anchor": null,
        "appContext": null,
        "children": null,
        "component": {
          "a": null,
          "accessCache": {
            "@@__IMMUTABLE_ITERABLE__@@": 0,
            "@@__IMMUTABLE_RECORD__@@": 0,
            "__v_isReadonly": 0,
            "__v_isRef": 0,
            "__v_isShallow": 0,
            "__v_raw": 0,
            "__v_skip": 4,
            "_isMockFunction": 0,
            "constructor": 0,
            "item": 3,
            "toJSON": 0,
            Symbol(Symbol.toStringTag): 0,
          },
          "appContext": {
            "app": [Circular],
            "components": {
              "transition": {
                "name": "transition",
              },
              "transition-group": {
                "name": "transition-group",
              },
            },
            "config": {
              "compilerOptions": {},
              "errorHandler": undefined,
              "globalProperties": {},
              "isNativeTag": [Function],
              "optionMergeStrategies": {},
              "performance": false,
              "warnHandler": undefined,
            },
            "directives": {},
            "emitsCache": WeakMap {},
            "mixins": [
              {
                "beforeCreate": [Function],
              },
            ],
            "optionsCache": WeakMap {},
            "propsCache": WeakMap {},
            "provides": {},
            "reload": [Function],
          },
          "asyncDep": null,
          "asyncResolved": false,
          "attrs": {},
          "bc": null,
          "bm": null,
          "bu": null,
          "bum": null,
          "c": null,
          "components": {},
          "ctx": {
            "item": {
              "rating": 4,
              "text": "I've had decent lunches at Billy The Butcher a couple of times now. It's what I would describe as a trendy burger joint on the 4th floor of the Alsterhaus...",
            },
          },
          "da": null,
          "data": {},
          "directives": null,
          "ec": null,
          "effect": ReactiveEffect {
            "active": true,
            "allowRecurse": true,
            "deps": [
              Set {
                [Circular],
              },
              Set {
                [Circular],
              },
              Set {
                [Circular],
              },
            ],
            "fn": [Function],
            "onTrack": undefined,
            "onTrigger": undefined,
            "parent": undefined,
            "scheduler": [Function],
          },
          "emit": [Function],
          "emitsOptions": null,
          "emitted": null,
          "exposeProxy": null,
          "exposed": null,
          "inheritAttrs": undefined,
          "isDeactivated": false,
          "isMounted": true,
          "isUnmounted": false,
          "m": null,
          "next": null,
          "parent": [Circular],
          "props": {
            "item": {
              "rating": 4,
              "text": "I've had decent lunches at Billy The Butcher a couple of times now. It's what I would describe as a trendy burger joint on the 4th floor of the Alsterhaus...",
            },
          },
          "propsDefaults": {},
          "propsOptions": [
            {
              "item": {
                "0": false,
                "1": true,
                "required": true,
                "type": [Function],
              },
            },
            [],
          ],
          "provides": {},
          "proxy": {
            "item": {
              "rating": 4,
              "text": "I've had decent lunches at Billy The Butcher a couple of times now. It's what I would describe as a trendy burger joint on the 4th floor of the Alsterhaus...",
            },
          },
          "refs": {},
          "render": [Function],
          "renderCache": [],
          "root": [Circular],
          "rtc": null,
          "rtg": null,
          "scope": EffectScope {
            "_active": true,
            "cleanups": [],
            "detached": true,
            "effects": [
              ReactiveEffect {
                "active": true,
                "allowRecurse": true,
                "deps": [
                  Set {
                    [Circular],
                  },
                  Set {
                    [Circular],
                  },
                  Set {
                    [Circular],
                  },
                ],
                "fn": [Function],
                "onTrack": undefined,
                "onTrigger": undefined,
                "parent": undefined,
                "scheduler": [Function],
              },
            ],
            "parent": undefined,
          },
          "setupContext": null,
          "setupState": {},
          "slots": {},
          "sp": null,
          "subTree": {
            "__v_isVNode": true,
            "__v_skip": true,
            "anchor": null,
            "appContext": null,
            "children": [
              {
                "__v_isVNode": true,
                "__v_skip": true,
                "anchor": null,
                "appContext": null,
                "children": [
                  {
                    "__v_isVNode": true,
                    "__v_skip": true,
                    "anchor": null,
                    "appContext": null,
                    "ce": undefined,
                    "children": "Rating:",
                    "component": null,
                    "ctx": null,
                    "dirs": null,
                    "dynamicChildren": null,
                    "dynamicProps": null,
                    "el": <strong
                      data-v-528784cb=""
                    >
                      Rating:
                    </strong>,
                    "key": null,
                    "patchFlag": -1,
                    "props": null,
                    "ref": null,
                    "scopeId": "data-v-528784cb",
                    "shapeFlag": 9,
                    "slotScopeIds": null,
                    "ssContent": null,
                    "ssFallback": null,
                    "staticCount": 0,
                    "suspense": null,
                    "target": null,
                    "targetAnchor": null,
                    "transition": null,
                    "type": "strong",
                  },
                  {
                    "__v_isVNode": true,
                    "__v_skip": true,
                    "anchor": null,
                    "appContext": null,
                    "children": " 4",
                    "component": null,
                    "ctx": [Circular],
                    "dirs": null,
                    "dynamicChildren": null,
                    "dynamicProps": null,
                    "el":  4,
                    "key": null,
                    "patchFlag": 1,
                    "props": null,
                    "ref": null,
                    "scopeId": "data-v-528784cb",
                    "shapeFlag": 8,
                    "slotScopeIds": null,
                    "ssContent": null,
                    "ssFallback": null,
                    "staticCount": 0,
                    "suspense": null,
                    "target": null,
                    "targetAnchor": null,
                    "transition": null,
                    "type": Symbol(Text),
                  },
                ],
                "component": null,
                "ctx": [Circular],
                "dirs": null,
                "dynamicChildren": null,
                "dynamicProps": null,
                "el": <span
                  aria-label="rating"
                  data-v-528784cb=""
                >
                  <strong
                    data-v-528784cb=""
                  >
                    Rating:
                  </strong>
                   4
                </span>,
                "key": null,
                "patchFlag": 0,
                "props": {
                  "aria-label": "rating",
                },
                "ref": null,
                "scopeId": "data-v-528784cb",
                "shapeFlag": 17,
                "slotScopeIds": null,
                "ssContent": null,
                "ssFallback": null,
                "staticCount": 0,
                "suspense": null,
                "target": null,
                "targetAnchor": null,
                "transition": null,
                "type": "span",
              },
              {
                "__v_isVNode": true,
                "__v_skip": true,
                "anchor": null,
                "appContext": null,
                "children": "I've had decent lunches at Billy The Butcher a couple of times now. It's what I would describe as a trendy burger joint on the 4th floor of the Alsterhaus...",
                "component": null,
                "ctx": [Circular],
                "dirs": null,
                "dynamicChildren": null,
                "dynamicProps": null,
                "el": <p
                  class="comment"
                  data-v-528784cb=""
                >
                  I've had decent lunches at Billy The Butcher a couple of times now. It's what I would describe as a trendy burger joint on the 4th floor of the Alsterhaus...
                </p>,
                "key": null,
                "patchFlag": 1,
                "props": {
                  "class": "comment",
                },
                "ref": null,
                "scopeId": "data-v-528784cb",
                "shapeFlag": 9,
                "slotScopeIds": null,
                "ssContent": null,
                "ssFallback": null,
                "staticCount": 0,
                "suspense": null,
                "target": null,
                "targetAnchor": null,
                "transition": null,
                "type": "p",
              },
            ],
            "component": null,
            "ctx": [Circular],
            "dirs": null,
            "dynamicChildren": [
              {
                "__v_isVNode": true,
                "__v_skip": true,
                "anchor": null,
                "appContext": null,
                "children": " 4",
                "component": null,
                "ctx": [Circular],
                "dirs": null,
                "dynamicChildren": null,
                "dynamicProps": null,
                "el":  4,
                "key": null,
                "patchFlag": 1,
                "props": null,
                "ref": null,
                "scopeId": "data-v-528784cb",
                "shapeFlag": 8,
                "slotScopeIds": null,
                "ssContent": null,
                "ssFallback": null,
                "staticCount": 0,
                "suspense": null,
                "target": null,
                "targetAnchor": null,
                "transition": null,
                "type": Symbol(Text),
              },
              {
                "__v_isVNode": true,
                "__v_skip": true,
                "anchor": null,
                "appContext": null,
                "children": "I've had decent lunches at Billy The Butcher a couple of times now. It's what I would describe as a trendy burger joint on the 4th floor of the Alsterhaus...",
                "component": null,
                "ctx": [Circular],
                "dirs": null,
                "dynamicChildren": null,
                "dynamicProps": null,
                "el": <p
                  class="comment"
                  data-v-528784cb=""
                >
                  I've had decent lunches at Billy The Butcher a couple of times now. It's what I would describe as a trendy burger joint on the 4th floor of the Alsterhaus...
                </p>,
                "key": null,
                "patchFlag": 1,
                "props": {
                  "class": "comment",
                },
                "ref": null,
                "scopeId": "data-v-528784cb",
                "shapeFlag": 9,
                "slotScopeIds": null,
                "ssContent": null,
                "ssFallback": null,
                "staticCount": 0,
                "suspense": null,
                "target": null,
                "targetAnchor": null,
                "transition": null,
                "type": "p",
              },
            ],
            "dynamicProps": null,
            "el": <li
              data-v-528784cb=""
            >
              <span
                aria-label="rating"
                data-v-528784cb=""
              >
                <strong
                  data-v-528784cb=""
                >
                  Rating:
                </strong>
                 4
              </span>
              <p
                class="comment"
                data-v-528784cb=""
              >
                I've had decent lunches at Billy The Butcher a couple of times now. It's what I would describe as a trendy burger joint on the 4th floor of the Alsterhaus...
              </p>
            </li>,
            "key": null,
            "patchFlag": 0,
            "props": null,
            "ref": null,
            "scopeId": "data-v-528784cb",
            "shapeFlag": 17,
            "slotScopeIds": null,
            "ssContent": null,
            "ssFallback": null,
            "staticCount": 0,
            "suspense": null,
            "target": null,
            "targetAnchor": null,
            "transition": null,
            "type": "li",
          },
          "suspense": null,
          "suspenseId": 0,
          "type": {
            "__file": "/Users/shohreh/Shohreh/Projects/visable/visable/src/components/atoms/ReviewItem.vue",
            "__scopeId": "data-v-528784cb",
            "components": {},
            "props": {
              "item": {
                "required": true,
                "type": [Function],
              },
            },
            "render": [Function],
          },
          "u": null,
          "uid": 1,
          "um": null,
          "update": [Function],
          "vnode": [Circular],
          "withProxy": null,
        },
        "ctx": [Circular],
        "dirs": null,
        "dynamicChildren": null,
        "dynamicProps": null,
        "el": <li
          data-v-528784cb=""
        >
          <span
            aria-label="rating"
            data-v-528784cb=""
          >
            <strong
              data-v-528784cb=""
            >
              Rating:
            </strong>
             4
          </span>
          <p
            class="comment"
            data-v-528784cb=""
          >
            I've had decent lunches at Billy The Butcher a couple of times now. It's what I would describe as a trendy burger joint on the 4th floor of the Alsterhaus...
          </p>
        </li>,
        "key": null,
        "patchFlag": 0,
        "props": {
          "item": {
            "rating": 4,
            "text": "I've had decent lunches at Billy The Butcher a couple of times now. It's what I would describe as a trendy burger joint on the 4th floor of the Alsterhaus...",
          },
          "ref": "VTU_COMPONENT",
        },
        "ref": {
          "f": false,
          "i": [Circular],
          "k": undefined,
          "r": "VTU_COMPONENT",
        },
        "scopeId": null,
        "shapeFlag": 4,
        "slotScopeIds": null,
        "ssContent": null,
        "ssFallback": null,
        "staticCount": 0,
        "suspense": null,
        "target": null,
        "targetAnchor": null,
        "transition": null,
        "type": {
          "__file": "/Users/shohreh/Shohreh/Projects/visable/visable/src/components/atoms/ReviewItem.vue",
          "__scopeId": "data-v-528784cb",
          "components": {},
          "props": {
            "item": {
              "required": true,
              "type": [Function],
            },
          },
          "render": [Function],
        },
      },
      "suspense": null,
      "suspenseId": 0,
      "type": {
        "name": "VTU_ROOT",
        "render": [Function],
        "setup": [Function],
      },
      "u": null,
      "uid": 0,
      "um": null,
      "update": [Function],
      "vnode": {
        "__v_isVNode": true,
        "__v_skip": true,
        "anchor": null,
        "appContext": {
          "app": [Circular],
          "components": {
            "transition": {
              "name": "transition",
            },
            "transition-group": {
              "name": "transition-group",
            },
          },
          "config": {
            "compilerOptions": {},
            "errorHandler": undefined,
            "globalProperties": {},
            "isNativeTag": [Function],
            "optionMergeStrategies": {},
            "performance": false,
            "warnHandler": undefined,
          },
          "directives": {},
          "emitsCache": WeakMap {},
          "mixins": [
            {
              "beforeCreate": [Function],
            },
          ],
          "optionsCache": WeakMap {},
          "propsCache": WeakMap {},
          "provides": {},
          "reload": [Function],
        },
        "children": null,
        "component": [Circular],
        "ctx": null,
        "dirs": null,
        "dynamicChildren": null,
        "dynamicProps": null,
        "el": <li
          data-v-528784cb=""
        >
          <span
            aria-label="rating"
            data-v-528784cb=""
          >
            <strong
              data-v-528784cb=""
            >
              Rating:
            </strong>
             4
          </span>
          <p
            class="comment"
            data-v-528784cb=""
          >
            I've had decent lunches at Billy The Butcher a couple of times now. It's what I would describe as a trendy burger joint on the 4th floor of the Alsterhaus...
          </p>
        </li>,
        "key": null,
        "patchFlag": 0,
        "props": null,
        "ref": null,
        "scopeId": null,
        "shapeFlag": 4,
        "slotScopeIds": null,
        "ssContent": null,
        "ssFallback": null,
        "staticCount": 0,
        "suspense": null,
        "target": null,
        "targetAnchor": null,
        "transition": null,
        "type": {
          "name": "VTU_ROOT",
          "render": [Function],
          "setup": [Function],
        },
      },
      "withProxy": null,
    },
    "_props": null,
    "_uid": 0,
    "component": [Function],
    "config": {
      "compilerOptions": {},
      "errorHandler": undefined,
      "globalProperties": {},
      "isNativeTag": [Function],
      "optionMergeStrategies": {},
      "performance": false,
      "warnHandler": undefined,
    },
    "directive": [Function],
    "mixin": [Function],
    "mount": [Function],
    "provide": [Function],
    "unmount": [Function],
    "use": [Function],
    "version": "3.2.47",
  },
  "__setProps": [Function],
  "cleanUpCallbacks": [
    [Function],
    [Function],
    [Function],
    [Function],
    [Function],
    [Function],
    [Function],
    [Function],
    [Function],
    [Function],
    [Function],
    [Function],
    [Function],
    [Function],
    [Function],
    [Function],
    [Function],
    [Function],
    [Function],
    [Function],
    [Function],
    [Function],
    [Function],
    [Function],
    [Function],
    [Function],
    [Function],
    [Function],
    [Function],
    [Function],
    [Function],
    [Function],
    [Function],
    [Function],
    [Function],
    [Function],
    [Function],
    [Function],
    [Function],
    [Function],
    [Function],
    [Function],
    [Function],
    [Function],
    [Function],
    [Function],
    [Function],
    [Function],
    [Function],
    [Function],
    [Function],
    [Function],
    [Function],
    [Function],
    [Function],
    [Function],
    [Function],
    [Function],
    [Function],
    [Function],
    [Function],
    [Function],
    [Function],
    [Function],
    [Function],
    [Function],
    [Function],
    [Function],
    [Function],
    [Function],
    [Function],
    [Function],
    [Function],
    [Function],
    [Function],
    [Function],
    [Function],
    [Function],
    [Function],
    [Function],
    [Function],
    [Function],
    [Function],
    [Function],
    [Function],
    [Function],
    [Function],
    [Function],
    [Function],
    [Function],
    [Function],
    [Function],
    [Function],
    [Function],
    [Function],
    [Function],
    [Function],
    [Function],
    [Function],
    [Function],
    [Function],
    [Function],
    [Function],
    [Function],
    [Function],
    [Function],
    [Function],
    [Function],
    [Function],
    [Function],
    [Function],
    [Function],
    [Function],
    [Function],
    [Function],
    [Function],
    [Function],
    [Function],
    [Function],
    [Function],
    [Function],
    [Function],
    [Function],
    [Function],
    [Function],
    [Function],
    [Function],
    [Function],
    [Function],
    [Function],
    [Function],
    [Function],
    [Function],
    [Function],
    [Function],
    [Function],
    [Function],
    [Function],
    [Function],
    [Function],
    [Function],
    [Function],
    [Function],
    [Function],
    [Function],
    [Function],
    [Function],
    [Function],
    [Function],
    [Function],
    [Function],
    [Function],
    [Function],
    [Function],
    [Function],
    [Function],
    [Function],
    [Function],
    [Function],
    [Function],
    [Function],
    [Function],
    [Function],
    [Function],
    [Function],
    [Function],
    [Function],
    [Function],
    [Function],
    [Function],
    [Function],
    [Function],
  ],
  "componentVM": {
    "item": {
      "rating": 4,
      "text": "I've had decent lunches at Billy The Butcher a couple of times now. It's what I would describe as a trendy burger joint on the 4th floor of the Alsterhaus...",
    },
  },
  "isDisabled": [Function],
  "rootVM": {
    "VTU_COMPONENT": {
      "item": {
        "rating": 4,
        "text": "I've had decent lunches at Billy The Butcher a couple of times now. It's what I would describe as a trendy burger joint on the 4th floor of the Alsterhaus...",
      },
    },
  },
  "wrapperElement": <li
    data-v-528784cb=""
  >
    <span
      aria-label="rating"
      data-v-528784cb=""
    >
      <strong
        data-v-528784cb=""
      >
        Rating:
      </strong>
       4
    </span>
    <p
      class="comment"
      data-v-528784cb=""
    >
      I've had decent lunches at Billy The Butcher a couple of times now. It's what I would describe as a trendy burger joint on the 4th floor of the Alsterhaus...
    </p>
  </li>,
}
`;
